[SUBDIVISIONS]
[INFO] Downloading alternateNamesV2.zip from https://download.geonames.org/export/dump/alternateNamesV2.zip
[INFO] Downloaded and updated alternateNamesV2.zip
[INFO] Downloading cldr_territory_info.json from https://raw.githubusercontent.com/unicode-org/cldr-json/main/cldr-json/cldr-core/supplemental/territoryInfo.json
[INFO] Downloaded and updated cldr_territory_info.json
[INFO] Downloading admin1CodesASCII.txt from https://download.geonames.org/export/dump/admin1CodesASCII.txt
[INFO] Downloaded and updated admin1CodesASCII.txt
[INFO] Downloading admin2Codes.txt from https://download.geonames.org/export/dump/admin2Codes.txt
[INFO] Downloaded and updated admin2Codes.txt
[INFO] Downloading iso_3166-2.json from https://salsa.debian.org/iso-codes-team/iso-codes/-/raw/main/data/iso_3166-2.json
[INFO] Downloaded and updated iso_3166-2.json
[INFO] Downloading ipregistry_subdivisions.csv from https://raw.githubusercontent.com/ipregistry/iso3166/main/subdivisions.csv
[INFO] Downloaded and updated ipregistry_subdivisions.csv
[INFO] Loading GeoNames subdivisions...
[INFO] Merging GeoNames alternate names into subdivision aliases...
[INFO] Enriched 25789 GeoNames subdivisions with alternate names
[INFO] Loading ISO subdivisions...
[INFO] bypassed 44/5046 subdivisions as non-administrative
[INFO] Merging Ipregistry alias data...
[INFO] resolved 835/5002 subdivisions from skill-resolved decisions
[INFO] Querying Wikidata for ISO/GeoNames crosswalk...
[WARN] wikidata conflict: RU-AL 'Altay, Respublika's target RU.03 'Altayskiy kray' is already claimed by RU-ALT
[INFO] resolved 3861/4167 subdivisions from Wikidata crosswalk
[INFO] Attempting to merge ISO to GeoNames subdivisions...
[INFO] merged MG-D 'Antsiranana' -> MG.31 'Atsinanana' (86/85)
[INFO] merged MK-211 'Štip' -> MK.98 'Shtip' (89/75)
[INFO] merged PE-CAL 'El Callao' -> PE.07 'Callao' (80/80)
[INFO] merged TW-TNN 'Tainan' -> TW.04 'Taiwan' (83/80)
[INFO] merged UZ-TK 'Toshkent' -> UZ.13 'Tashkent' (88/80)
[INFO] Merged 306/306 ISO subdivisions
[INFO] 0 subdivisions orphaned (no_candidates=0, no_matches=0, ambiguity=0)
[INFO] Dumping 51803 subdivisions...
[INFO] Dumping subdivision lookup indexes...
[INFO] Dumping subdivision filter index...
[INFO] Dumping subdivision search index...
[INFO] completed: 51803 subdivisions
